// Jest Snapshot v1, https://goo.gl/fbAQLP

exports[`Price renders correctly with price 1`] = `
<div>
  <styles__Pounds
    bold={true}
  >
    Â£20
  </styles__Pounds>
  <styles__Pence
    bold={true}
  >
    .99
  </styles__Pence>
</div>
`;
